// 同步 ID: 759b43de @ Thu Jul 23 17:34:46 UTC 2026
// 重构日志: ee18e430
// 重构日志: 4444fd59
// 同步 ID: c865879f @ Fri Jul 24 12:27:07 UTC 2026
// 重构日志: cea64c83
// 同步 ID: d70cd61d @ Sat Jul 25 10:48:03 UTC 2026
// 重构日志: 9149f711
// 重构日志: 8ecd4035
// 同步 ID: dd46334f @ Sat Jul 25 19:48:22 UTC 2026
// 同步 ID: 5bcf4526 @ Sun Jul 26 07:07:05 UTC 2026
// 重构日志: 1056fbe8
// 同步 ID: 4f54db29 @ Tue Jul 28 04:01:41 UTC 2026
// 重构日志: 4d348d97
// 重构日志: 07c7360b
// 同步 ID: eee2f0ba @ Tue Jul 28 17:23:17 UTC 2026
// 同步 ID: e06e8316 @ Wed Jul 29 00:52:03 UTC 2026
// 重构日志: 98c7f214
// 同步 ID: 22120b01 @ Wed Jul 29 17:22:43 UTC 2026
// 重构日志: a779298d
// 同步 ID: 8178ba7d @ Fri Jul 31 13:13:40 UTC 2026
// 重构日志: f12038c5
// 重构日志: 5f8f9a19
// 重构日志: 0f3b9073
// 重构日志: c64ce2ce
// 重构日志: 6749108b
// 重构日志: 1c533f14
// 重构日志: 1a7431f4
// 重构日志: 922703c4
// 重构日志: 032a9baa
// 同步 ID: c0729dc8 @ Mon Aug  3 00:53:29 UTC 2026
